I"ı+<p>What if we have files that we do not want Git to track for us,
like backup files created by our editor
or intermediate files created during data analysis?
Let‚Äôs create a few dummy files:</p>

<div class="language-bash highlighter-rouge"><div class="highlight"><pre class="highlight"><code><span class="nv">$ </span><span class="nb">mkdir </span>results
<span class="nv">$ </span><span class="nb">touch </span>a.dat b.dat c.dat results/a.out results/b.out
</code></pre></div></div>

<p>and see what Git says:</p>

<div class="language-bash highlighter-rouge"><div class="highlight"><pre class="highlight"><code><span class="nv">$ </span>git status
</code></pre></div></div>

<div class="output highlighter-rouge"><div class="highlight"><pre class="highlight"><code>On branch master
Untracked files:
  (use "git add &lt;file&gt;..." to include in what will be committed)

	a.dat
	b.dat
	c.dat
	results/
nothing added to commit but untracked files present (use "git add" to track)
</code></pre></div></div>

<p>Putting these files under version control would be a waste of disk space.
What‚Äôs worse,
having them all listed could distract us from changes that actually matter,
so let‚Äôs tell Git to ignore them.</p>

<p>We do this by creating a file in the root directory of our project called <code class="highlighter-rouge">.gitignore</code>:</p>

<div class="language-bash highlighter-rouge"><div class="highlight"><pre class="highlight"><code><span class="nv">$ </span>nano .gitignore
<span class="nv">$ </span><span class="nb">cat</span> .gitignore
</code></pre></div></div>

<div class="output highlighter-rouge"><div class="highlight"><pre class="highlight"><code>*.dat
results/
</code></pre></div></div>

<p>These patterns tell Git to ignore any file whose name ends in <code class="highlighter-rouge">.dat</code>
and everything in the <code class="highlighter-rouge">results</code> directory.
(If any of these files were already being tracked,
Git would continue to track them.)</p>

<p>Once we have created this file,
the output of <code class="highlighter-rouge">git status</code> is much cleaner:</p>

<div class="language-bash highlighter-rouge"><div class="highlight"><pre class="highlight"><code><span class="nv">$ </span>git status
</code></pre></div></div>

<div class="output highlighter-rouge"><div class="highlight"><pre class="highlight"><code>On branch master
Untracked files:
  (use "git add &lt;file&gt;..." to include in what will be committed)

	.gitignore
nothing added to commit but untracked files present (use "git add" to track)
</code></pre></div></div>

<p>The only thing Git notices now is the newly-created <code class="highlighter-rouge">.gitignore</code> file.
You might think we wouldn‚Äôt want to track it,
but everyone we‚Äôre sharing our repository with will probably want to ignore
the same things that we‚Äôre ignoring.
Let‚Äôs add and commit <code class="highlighter-rouge">.gitignore</code>:</p>

<div class="language-bash highlighter-rouge"><div class="highlight"><pre class="highlight"><code><span class="nv">$ </span>git add .gitignore
<span class="nv">$ </span>git commit <span class="nt">-m</span> <span class="s2">"Ignore data files and the results folder."</span>
<span class="nv">$ </span>git status
</code></pre></div></div>

<div class="output highlighter-rouge"><div class="highlight"><pre class="highlight"><code># On branch master
nothing to commit, working directory clean
</code></pre></div></div>

<p>As a bonus, using <code class="highlighter-rouge">.gitignore</code> helps us avoid accidentally adding to the repository files that we don‚Äôt want to track:</p>

<div class="language-bash highlighter-rouge"><div class="highlight"><pre class="highlight"><code><span class="nv">$ </span>git add a.dat
</code></pre></div></div>

<div class="output highlighter-rouge"><div class="highlight"><pre class="highlight"><code>The following paths are ignored by one of your .gitignore files:
a.dat
Use -f if you really want to add them.
</code></pre></div></div>

<p>If we really want to override our ignore settings,
we can use <code class="highlighter-rouge">git add -f</code> to force Git to add something. For example,
<code class="highlighter-rouge">git add -f a.dat</code>.
We can also always see the status of ignored files if we want:</p>

<div class="language-bash highlighter-rouge"><div class="highlight"><pre class="highlight"><code><span class="nv">$ </span>git status <span class="nt">--ignored</span>
</code></pre></div></div>

<div class="output highlighter-rouge"><div class="highlight"><pre class="highlight"><code>On branch master
Ignored files:
 (use "git add -f &lt;file&gt;..." to include in what will be committed)

        a.dat
        b.dat
        c.dat
        results/

nothing to commit, working directory clean
</code></pre></div></div>

<blockquote class="challenge">
  <h2 id="ignoring-nested-files">Ignoring Nested Files</h2>

  <p>Given a directory structure that looks like:</p>

  <div class="language-bash highlighter-rouge"><div class="highlight"><pre class="highlight"><code>results/data
results/plots
</code></pre></div>  </div>

  <p>How would you ignore only <code class="highlighter-rouge">results/plots</code> and not <code class="highlighter-rouge">results/data</code>?</p>

  <blockquote class="solution">
    <h2 id="solution">Solution</h2>

    <p>As with most programming issues, there are a few ways that you
could solve this. If you only want to ignore the contents of
<code class="highlighter-rouge">results/plots</code>, you can change your <code class="highlighter-rouge">.gitignore</code> to ignore
only the <code class="highlighter-rouge">/plots/</code> subfolder by adding the following line to
your .gitignore:</p>

    <p><code class="highlighter-rouge">results/plots/</code></p>

    <p>If, instead, you want to ignore everything in <code class="highlighter-rouge">/results/</code>, but wanted to track
<code class="highlighter-rouge">results/data</code>, then you can add <code class="highlighter-rouge">results/</code> to your .gitignore
and create an exception for the <code class="highlighter-rouge">results/data/</code> folder.
The next challenge will cover this type of solution.</p>

    <p>Sometimes the <code class="highlighter-rouge">**</code> pattern comes in handy, too, which matches
multiple directory levels. E.g. <code class="highlighter-rouge">**/results/plots/*</code> would make git ignore
the <code class="highlighter-rouge">results/plots</code> directory in any root directory.</p>
  </blockquote>
</blockquote>

<blockquote class="challenge">
  <h2 id="including-specific-files">Including Specific Files</h2>

  <p>How would you ignore all <code class="highlighter-rouge">.data</code> files in your root directory except for
<code class="highlighter-rouge">final.data</code>?
Hint: Find out what <code class="highlighter-rouge">!</code> (the exclamation point operator) does</p>

  <blockquote class="solution">
    <h2 id="solution-1">Solution</h2>

    <p>You would add the following two lines to your .gitignore:</p>

    <div class="output highlighter-rouge"><div class="highlight"><pre class="highlight"><code>*.data           # ignore all data files
!final.data      # except final.data
</code></pre></div>    </div>

    <p>The exclamation point operator will include a previously excluded entry.</p>
  </blockquote>
</blockquote>

<blockquote class="challenge">
  <h2 id="ignoring-all-data-files-in-a-directory">Ignoring all data Files in a Directory</h2>

  <p>Given a directory structure that looks like:</p>

  <div class="language-bash highlighter-rouge"><div class="highlight"><pre class="highlight"><code>results/data/position/gps/a.data
results/data/position/gps/b.data
results/data/position/gps/c.data
results/data/position/gps/info.txt
results/plots
</code></pre></div>  </div>

  <p>What‚Äôs the shortest <code class="highlighter-rouge">.gitignore</code> rule you could write to ignore all <code class="highlighter-rouge">.data</code>
files in <code class="highlighter-rouge">result/data/position/gps</code>? Do not ignore the <code class="highlighter-rouge">info.txt</code>.</p>

  <blockquote class="solution">
    <h2 id="solution-2">Solution</h2>

    <p>Appending <code class="highlighter-rouge">results/data/position/gps/*.data</code> will match every file in <code class="highlighter-rouge">results/data/position/gps</code> that ends with <code class="highlighter-rouge">.data</code>.
The file <code class="highlighter-rouge">results/data/position/gps/info.txt</code> will not be ignored.</p>
  </blockquote>
</blockquote>

<blockquote class="challenge">
  <h2 id="the-order-of-rules">The Order of Rules</h2>

  <p>Given a <code class="highlighter-rouge">.gitignore</code> file with the following contents:</p>

  <div class="language-bash highlighter-rouge"><div class="highlight"><pre class="highlight"><code><span class="k">*</span>.data
<span class="o">!</span><span class="k">*</span>.data
</code></pre></div>  </div>

  <p>What will be the result?</p>

  <blockquote class="solution">
    <h2 id="solution-3">Solution</h2>

    <p>The <code class="highlighter-rouge">!</code> modifier will negate an entry from a previously defined ignore pattern.
Because the <code class="highlighter-rouge">!*.data</code> entry negates all of the previous <code class="highlighter-rouge">.data</code> files in the <code class="highlighter-rouge">.gitignore</code>,
none of them will be ignored, and all <code class="highlighter-rouge">.data</code> files will be tracked.</p>

  </blockquote>
</blockquote>

<blockquote class="challenge">
  <h2 id="log-files">Log Files</h2>

  <p>You wrote a script that creates many intermediate log-files of the form <code class="highlighter-rouge">log_01</code>, <code class="highlighter-rouge">log_02</code>, <code class="highlighter-rouge">log_03</code>, etc.
You want to keep them but you do not want to track them through <code class="highlighter-rouge">git</code>.</p>

  <ol>
    <li>
      <p>Write <strong>one</strong> <code class="highlighter-rouge">.gitignore</code> entry that excludes files of the form <code class="highlighter-rouge">log_01</code>, <code class="highlighter-rouge">log_02</code>, etc.</p>
    </li>
    <li>
      <p>Test your ‚Äúignore pattern‚Äù by creating some dummy files of the form <code class="highlighter-rouge">log_01</code>, etc.</p>
    </li>
    <li>
      <p>You find that the file <code class="highlighter-rouge">log_01</code> is very important after all, add it to the tracked files without changing the <code class="highlighter-rouge">.gitignore</code> again.</p>
    </li>
    <li>
      <p>Discuss with your neighbor what other types of files could reside in your directory that you do not want to track and thus would exclude via <code class="highlighter-rouge">.gitignore</code>.</p>
    </li>
  </ol>

  <blockquote class="solution">
    <h2 id="solution-4">Solution</h2>

    <ol>
      <li>append either <code class="highlighter-rouge">log_*</code>  or  <code class="highlighter-rouge">log*</code>  as a new entry in your .gitignore</li>
      <li>track <code class="highlighter-rouge">log_01</code> using   <code class="highlighter-rouge">git add -f log_01</code></li>
    </ol>
  </blockquote>
</blockquote>
:ET